../Core/Inc/minmea.h:282:21:minmea_tofloat	16	static
../Core/Inc/minmea.h:293:21:minmea_tocoord	24	static
../Core/Src/gps.c:68:13:dbg	16	static
../Core/Src/gps.c:79:6:HAL_UART_RxCpltCallback	16	static
../Core/Src/gps.c:103:16:get_line	16	static
../Core/Src/gps.c:142:9:GPS_Init	8	static
../Core/Src/gps.c:176:6:GPS_DirectTest	80	static
../Core/Src/gps.c:196:6:GPS_Tick	208	static
../Core/Src/gps.c:298:6:GPS_ClearBatch	4	static
../Core/Src/gps.c:311:6:GPS_Sleep	8	static
../Core/Src/gps.c:322:6:GPS_Wake	8	static
