../Core/Src/imu.c:98:13:i2c_write	32	static
../Core/Src/imu.c:104:13:i2c_read	40	static
../Core/Src/imu.c:110:13:dbg	16	static
../Core/Src/imu.c:134:13:IMU_EnableBypass	8	static
../Core/Src/imu.c:146:13:filter_update	48	static
../Core/Src/imu.c:165:14:read_magnetometer	40	static
../Core/Src/imu.c:199:9:IMU_Init	16	static
../Core/Src/imu.c:246:9:IMU_Calibrate	280	static
../Core/Src/imu.c:288:6:IMU_Sleep	8	static
../Core/Src/imu.c:300:6:IMU_Wake	8	static
../Core/Src/imu.c:319:6:IMU_Tick	408	static
../Core/Src/imu.c:384:6:IMU_ClearBatch	4	static
