../Core/Src/main.c:74:16:sd_spi_txrx	32	static
../Core/Src/main.c:81:13:sd_cs_high	8	static
../Core/Src/main.c:87:13:sd_cs_low	8	static
../Core/Src/main.c:93:13:sd_send_dummy_clocks	16	static
../Core/Src/main.c:101:16:sd_send_cmd	24	static
../Core/Src/main.c:124:9:sd_init	24	static
../Core/Src/main.c:168:9:sd_read_block	40	static
../Core/Src/main.c:200:9:sd_write_block	32	static
../Core/Src/main.c:294:10:print_msg	16	static
../Core/Src/main.c:246:5:main	672	static
../Core/Src/main.c:530:6:SystemClock_Config	96	static
../Core/Src/main.c:590:6:PeriphCommonClock_Config	160	static
../Core/Src/main.c:624:6:Error_Handler	16	static,ignoring_inline_asm
